******************************************************************************
                  TI ARM Linker Unix v16.9.4                   
******************************************************************************
>> Linked Tue Jan 23 15:33:21 2018

OUTPUT FILE NAME:   <lab3.out>
ENTRY POINT SYMBOL: "_c_int00"  address: 00001061


MEMORY CONFIGURATION

         name            origin    length      used     unused   attr    fill
----------------------  --------  ---------  --------  --------  ----  --------
  FLASH                 00000000   00040000  00001762  0003e89e  R  X
  SRAM                  20000000   00008000  000004b0  00007b50  RW X


SEGMENT ALLOCATION MAP

run origin  load origin   length   init length attrs members
----------  ----------- ---------- ----------- ----- -------
00000000    00000000    00001768   00001768    r-x
  00000000    00000000    0000026c   0000026c    r-- .intvecs
  0000026c    0000026c    000011b2   000011b2    r-x .text
  00001420    00001420    000002ec   000002ec    r-- .const
  00001710    00001710    00000058   00000058    r-- .cinit
20000000    20000000    000004b0   00000000    rw-
  20000000    20000000    0000026c   00000000    rw- .vtable
  2000026c    2000026c    00000200   00000000    rw- .stack
  2000046c    2000046c    00000028   00000000    rw- .data
  20000494    20000494    0000001c   00000000    rw- .bss


SECTION ALLOCATION MAP

 output                                  attributes/
section   page    origin      length       input sections
--------  ----  ----------  ----------   ----------------
.intvecs   0    00000000    0000026c     
                  00000000    0000026c     tm4c123gh6pm_startup_ccs.obj (.intvecs)

.text      0    0000026c    000011b2     
                  0000026c    000005b0     Lab3_LED.obj (.text)
                  0000081c    000001fc     buttons.obj (.text)
                  00000a18    00000132     driverlib.lib : gpio.obj (.text:GPIOPadConfigSet)
                  00000b4a    00000002     rtsv7M4_T_le_v4SPD16_eabi.lib : mpu_init.obj (.text)
                  00000b4c    00000110     driverlib.lib : sysctl.obj (.text:SysCtlClockGet)
                  00000c5c    000000f4                   : sysctl.obj (.text:SysCtlClockSet)
                  00000d50    0000009c     rtsv7M4_T_le_v4SPD16_eabi.lib : memcpy_t2.obj (.text)
                  00000dec    0000007a                                   : memset_t2.obj (.text)
                  00000e66    00000002                                   : startup.obj (.text)
                  00000e68    00000070                                   : autoinit.obj (.text)
                  00000ed8    00000068     driverlib.lib : interrupt.obj (.text:IntEnable)
                  00000f40    00000068     rtsv7M4_T_le_v4SPD16_eabi.lib : copy_decompress_lzss.obj (.text:decompress:lzss)
                  00000fa8    00000060     driverlib.lib : timer.obj (.text:TimerConfigure)
                  00001008    00000056                   : gpio.obj (.text:GPIOIntTypeSet)
                  0000105e    00000002     --HOLE-- [fill = 0]
                  00001060    00000054     rtsv7M4_T_le_v4SPD16_eabi.lib : boot.obj (.text)
                  000010b4    00000054                                   : exit.obj (.text)
                  00001108    0000004c                                   : cpy_tbl.obj (.text)
                  00001154    00000048     driverlib.lib : gpio.obj (.text:GPIOPinConfigure)
                  0000119c    00000040                   : gpio.obj (.text:_GPIOIntNumberGet)
                  000011dc    00000034                   : interrupt.obj (.text:IntRegister)
                  00001210    00000034                   : sysctl.obj (.text:SysCtlPeripheralEnable)
                  00001244    0000002a                   : gpio.obj (.text:GPIODirModeSet)
                  0000126e    00000022                   : pwm.obj (.text:PWMGenConfigure)
                  00001290    0000001e                   : pwm.obj (.text:PWMPulseWidthSet)
                  000012ae    00000018                   : gpio.obj (.text:GPIOIntRegister)
                  000012c6    00000002     --HOLE-- [fill = 0]
                  000012c8    00000018                   : timer.obj (.text:TimerDisable)
                  000012e0    00000018     rtsv7M4_T_le_v4SPD16_eabi.lib : args_main.obj (.text)
                  000012f8    00000014     driverlib.lib : sysctl.obj (.text:SysCtlPWMClockSet)
                  0000130c    00000014     rtsv7M4_T_le_v4SPD16_eabi.lib : _lock.obj (.text)
                  00001320    00000012     driverlib.lib : gpio.obj (.text:GPIOPinTypeGPIOInput)
                  00001332    00000012                   : gpio.obj (.text:GPIOPinTypePWM)
                  00001344    00000012                   : pwm.obj (.text:PWMOutputState)
                  00001356    00000012                   : timer.obj (.text:TimerLoadSet)
                  00001368    00000010                   : interrupt.obj (.text:IntMasterEnable)
                  00001378    00000010                   : pwm.obj (.text:PWMGenPeriodSet)
                  00001388    0000000e                   : gpio.obj (.text:GPIOIntDisable)
                  00001396    0000000e                   : gpio.obj (.text:GPIOIntStatus)
                  000013a4    0000000e                   : timer.obj (.text:TimerEnable)
                  000013b2    0000000e     rtsv7M4_T_le_v4SPD16_eabi.lib : copy_decompress_none.obj (.text:decompress:none)
                  000013c0    0000000c     driverlib.lib : cpu.obj (.text:CPUcpsie)
                  000013cc    0000000c                   : gpio.obj (.text:GPIOIntEnable)
                  000013d8    0000000c                   : pwm.obj (.text:PWMGenEnable)
                  000013e4    0000000c     rtsv7M4_T_le_v4SPD16_eabi.lib : copy_zero_init.obj (.text:decompress:ZI)
                  000013f0    0000000c     tm4c123gh6pm_startup_ccs.obj (.text)
                  000013fc    00000008     driverlib.lib : timer.obj (.text:TimerIntEnable)
                  00001404    00000006                   : gpio.obj (.text:GPIOIntClear)
                  0000140a    00000006                   : gpio.obj (.text:GPIOPinRead)
                  00001410    00000006                   : sysctl.obj (.text:SysCtlDelay)
                  00001416    00000004                   : timer.obj (.text:TimerIntClear)
                  0000141a    00000004     rtsv7M4_T_le_v4SPD16_eabi.lib : pre_init.obj (.text)

.const     0    00001420    000002ec     
                  00001420    000000c0     driverlib.lib : gpio.obj (.const:g_ppui32GPIOIntMapBlizzard)
                  000014e0    000000c0                   : gpio.obj (.const:g_ppui32GPIOIntMapSnowflake)
                  000015a0    00000090                   : gpio.obj (.const:g_pui32GPIOBaseAddrs)
                  00001630    00000070                   : interrupt.obj (.const)
                  000016a0    0000006c                   : sysctl.obj (.const:g_pui32Xtals)

.cinit     0    00001710    00000058     
                  00001710    0000001e     (.cinit..data.load) [load image, compression = lzss]
                  0000172e    00000002     --HOLE-- [fill = 0]
                  00001730    0000000c     (__TI_handler_table)
                  0000173c    00000004     --HOLE-- [fill = 0]
                  00001740    00000008     (.cinit..bss.load) [load image, compression = zero_init]
                  00001748    00000008     (.cinit..vtable.load) [load image, compression = zero_init]
                  00001750    00000018     (__TI_cinit_table)

.init_array 
*          0    00000000    00000000     UNINITIALIZED

.vtable    0    20000000    0000026c     UNINITIALIZED
                  20000000    0000026c     driverlib.lib : interrupt.obj (.vtable)

.data      0    2000046c    00000028     UNINITIALIZED
                  2000046c    0000000d     Lab3_LED.obj (.data)
                  20000479    00000002     buttons.obj (.data)
                  2000047b    00000001     --HOLE--
                  2000047c    0000000c     rtsv7M4_T_le_v4SPD16_eabi.lib : exit.obj (.data:$O1$$)
                  20000488    00000008                                   : _lock.obj (.data:$O1$$)
                  20000490    00000004                                   : stkdepth_vars.obj (.data)

.bss       0    20000494    0000001c     UNINITIALIZED
                  20000494    00000004     (.common:btn_onSW1ButtonDownHdr)
                  20000498    00000004     (.common:btn_onSW1ButtonUpHdr)
                  2000049c    00000004     (.common:btn_onSW2ButtonDownHdr)
                  200004a0    00000004     (.common:btn_onSW2ButtonUpHdr)
                  200004a4    00000004     (.common:ui32Load)
                  200004a8    00000004     (.common:ui32PWMClock)
                  200004ac    00000004     (.common:ui8Ad)

.stack     0    2000026c    00000200     UNINITIALIZED
                  2000026c    00000200     --HOLE--

MODULE SUMMARY

       Module                         code   ro data   rw data
       ------                         ----   -------   -------
    ./
       Lab3_LED.obj                   1456   0         41     
       tm4c123gh6pm_startup_ccs.obj   12     620       0      
       buttons.obj                    508    0         2      
    +--+------------------------------+------+---------+---------+
       Total:                         1976   620       43     
                                                              
    /opt/ti/TivaWare_C_Series-2.1.2.111/driverlib/ccs/Debug/driverlib.lib
       gpio.obj                       682    528       0      
       interrupt.obj                  172    112       620    
       sysctl.obj                     594    108       0      
       timer.obj                      164    0         0      
       pwm.obj                        110    0         0      
       cpu.obj                        12     0         0      
    +--+------------------------------+------+---------+---------+
       Total:                         1734   748       620    
                                                              
    /opt/ti/ccsv7/tools/compiler/ti-cgt-arm_16.9.4.LTS/lib/rtsv7M4_T_le_v4SPD16_eabi.lib
       memcpy_t2.obj                  156    0         0      
       memset_t2.obj                  122    0         0      
       autoinit.obj                   112    0         0      
       copy_decompress_lzss.obj       104    0         0      
       exit.obj                       84     0         12     
       boot.obj                       84     0         0      
       cpy_tbl.obj                    76     0         0      
       _lock.obj                      20     0         8      
       args_main.obj                  24     0         0      
       copy_decompress_none.obj       14     0         0      
       copy_zero_init.obj             12     0         0      
       pre_init.obj                   4      0         0      
       stkdepth_vars.obj              0      0         4      
       mpu_init.obj                   2      0         0      
       startup.obj                    2      0         0      
    +--+------------------------------+------+---------+---------+
       Total:                         816    0         24     
                                                              
       Stack:                         0      0         512    
       Linker Generated:              0      82        0      
    +--+------------------------------+------+---------+---------+
       Grand Total:                   4526   1450      1199   


LINKER GENERATED COPY TABLES

__TI_cinit_table @ 00001750 records: 3, size/record: 8, table size: 24
	.data: load addr=00001710, load size=0000001e bytes, run addr=2000046c, run size=00000028 bytes, compression=lzss
	.bss: load addr=00001740, load size=00000008 bytes, run addr=20000494, run size=0000001c bytes, compression=zero_init
	.vtable: load addr=00001748, load size=00000008 bytes, run addr=20000000, run size=0000026c bytes, compression=zero_init


LINKER GENERATED HANDLER TABLE

__TI_handler_table @ 00001730 records: 3, size/record: 4, table size: 12
	index: 0, handler: __TI_zero_init
	index: 1, handler: __TI_decompress_lzss
	index: 2, handler: __TI_decompress_none


GLOBAL SYMBOLS: SORTED ALPHABETICALLY BY Name 

address   name                           
-------   ----                           
000010b5  C$$EXIT                        
000013c1  CPUcpsie                       
00001245  GPIODirModeSet                 
00001405  GPIOIntClear                   
00001389  GPIOIntDisable                 
000013cd  GPIOIntEnable                  
000012af  GPIOIntRegister                
00001397  GPIOIntStatus                  
00001009  GPIOIntTypeSet                 
00000a19  GPIOPadConfigSet               
00001155  GPIOPinConfigure               
0000140b  GPIOPinRead                    
00001321  GPIOPinTypeGPIOInput           
00001333  GPIOPinTypePWM                 
00000ed9  IntEnable                      
00001369  IntMasterEnable                
000011dd  IntRegister                    
0000126f  PWMGenConfigure                
000013d9  PWMGenEnable                   
00001379  PWMGenPeriodSet                
00001345  PWMOutputState                 
00001291  PWMPulseWidthSet               
000013f1  ResetISR                       
UNDEFED   SHT$$INIT_ARRAY$$Base          
UNDEFED   SHT$$INIT_ARRAY$$Limit         
00000b4d  SysCtlClockGet                 
00000c5d  SysCtlClockSet                 
00001411  SysCtlDelay                    
000012f9  SysCtlPWMClockSet              
00001211  SysCtlPeripheralEnable         
0000086b  Timer0IntHandler               
00000fa9  TimerConfigure                 
000012c9  TimerDisable                   
000013a5  TimerEnable                    
00001417  TimerIntClear                  
000013fd  TimerIntEnable                 
00001357  TimerLoadSet                   
2000046c  __STACK_END                    
00000200  __STACK_SIZE                   
2000046c  __STACK_TOP                    
00001750  __TI_CINIT_Base                
00001768  __TI_CINIT_Limit               
00001730  __TI_Handler_Table_Base        
0000173c  __TI_Handler_Table_Limit       
00000e69  __TI_auto_init                 
2000047c  __TI_cleanup_ptr               
00000f41  __TI_decompress_lzss           
000013b3  __TI_decompress_none           
20000480  __TI_dtors_ptr                 
20000484  __TI_enable_exit_profile_output
ffffffff  __TI_pprof_out_hndl            
ffffffff  __TI_prof_data_size            
ffffffff  __TI_prof_data_start           
00000000  __TI_static_base__             
000013e5  __TI_zero_init                 
00000ded  __aeabi_memclr                 
00000ded  __aeabi_memclr4                
00000ded  __aeabi_memclr8                
00000d51  __aeabi_memcpy                 
00000d51  __aeabi_memcpy4                
00000d51  __aeabi_memcpy8                
00000def  __aeabi_memset                 
00000def  __aeabi_memset4                
00000def  __aeabi_memset8                
ffffffff  __binit__                      
ffffffff  __c_args__                     
00000b4b  __mpu_init                     
2000026c  __stack                        
000012e1  _args_main                     
00001061  _c_int00                       
20000488  _lock                          
0000131b  _nop                           
00001313  _register_lock                 
0000130d  _register_unlock               
00000e67  _system_post_cinit             
0000141b  _system_pre_init               
2000048c  _unlock                        
000010b9  abort                          
2000046c  adjust_motor                   
ffffffff  binit                          
0000094f  btn_initialize                 
0000081d  btn_onButtonDown               
00000869  btn_onButtonUp                 
20000494  btn_onSW1ButtonDownHdr         
20000498  btn_onSW1ButtonUpHdr           
2000049c  btn_onSW2ButtonDownHdr         
200004a0  btn_onSW2ButtonUpHdr           
20000479  btn_sw1_state                  
2000047a  btn_sw2_state                  
00001109  copy_in                        
20000478  delay                          
20000474  delay_500ms                    
000010c1  exit                           
20000000  g_pfnRAMVectors                
00000000  g_pfnVectors                   
20000470  keypress_ctr                   
00000657  led_pin_config                 
00000665  main                           
20000490  main_func_sp                   
00000d51  memcpy                         
00000df5  memset                         
20000471  mode                           
000003c7  onSW1ButtonDown                
000003c9  onSW1ButtonUp                  
0000026d  onSW2ButtonDown                
00000275  onSW2ButtonUp                  
000004e9  setup                          
200004a4  ui32Load                       
200004a8  ui32PWMClock                   
200004ac  ui8Ad                          
20000472  ui8LED                         


GLOBAL SYMBOLS: SORTED BY Symbol Address 

address   name                           
-------   ----                           
00000000  __TI_static_base__             
00000000  g_pfnVectors                   
00000200  __STACK_SIZE                   
0000026d  onSW2ButtonDown                
00000275  onSW2ButtonUp                  
000003c7  onSW1ButtonDown                
000003c9  onSW1ButtonUp                  
000004e9  setup                          
00000657  led_pin_config                 
00000665  main                           
0000081d  btn_onButtonDown               
00000869  btn_onButtonUp                 
0000086b  Timer0IntHandler               
0000094f  btn_initialize                 
00000a19  GPIOPadConfigSet               
00000b4b  __mpu_init                     
00000b4d  SysCtlClockGet                 
00000c5d  SysCtlClockSet                 
00000d51  __aeabi_memcpy                 
00000d51  __aeabi_memcpy4                
00000d51  __aeabi_memcpy8                
00000d51  memcpy                         
00000ded  __aeabi_memclr                 
00000ded  __aeabi_memclr4                
00000ded  __aeabi_memclr8                
00000def  __aeabi_memset                 
00000def  __aeabi_memset4                
00000def  __aeabi_memset8                
00000df5  memset                         
00000e67  _system_post_cinit             
00000e69  __TI_auto_init                 
00000ed9  IntEnable                      
00000f41  __TI_decompress_lzss           
00000fa9  TimerConfigure                 
00001009  GPIOIntTypeSet                 
00001061  _c_int00                       
000010b5  C$$EXIT                        
000010b9  abort                          
000010c1  exit                           
00001109  copy_in                        
00001155  GPIOPinConfigure               
000011dd  IntRegister                    
00001211  SysCtlPeripheralEnable         
00001245  GPIODirModeSet                 
0000126f  PWMGenConfigure                
00001291  PWMPulseWidthSet               
000012af  GPIOIntRegister                
000012c9  TimerDisable                   
000012e1  _args_main                     
000012f9  SysCtlPWMClockSet              
0000130d  _register_unlock               
00001313  _register_lock                 
0000131b  _nop                           
00001321  GPIOPinTypeGPIOInput           
00001333  GPIOPinTypePWM                 
00001345  PWMOutputState                 
00001357  TimerLoadSet                   
00001369  IntMasterEnable                
00001379  PWMGenPeriodSet                
00001389  GPIOIntDisable                 
00001397  GPIOIntStatus                  
000013a5  TimerEnable                    
000013b3  __TI_decompress_none           
000013c1  CPUcpsie                       
000013cd  GPIOIntEnable                  
000013d9  PWMGenEnable                   
000013e5  __TI_zero_init                 
000013f1  ResetISR                       
000013fd  TimerIntEnable                 
00001405  GPIOIntClear                   
0000140b  GPIOPinRead                    
00001411  SysCtlDelay                    
00001417  TimerIntClear                  
0000141b  _system_pre_init               
00001730  __TI_Handler_Table_Base        
0000173c  __TI_Handler_Table_Limit       
00001750  __TI_CINIT_Base                
00001768  __TI_CINIT_Limit               
20000000  g_pfnRAMVectors                
2000026c  __stack                        
2000046c  __STACK_END                    
2000046c  __STACK_TOP                    
2000046c  adjust_motor                   
20000470  keypress_ctr                   
20000471  mode                           
20000472  ui8LED                         
20000474  delay_500ms                    
20000478  delay                          
20000479  btn_sw1_state                  
2000047a  btn_sw2_state                  
2000047c  __TI_cleanup_ptr               
20000480  __TI_dtors_ptr                 
20000484  __TI_enable_exit_profile_output
20000488  _lock                          
2000048c  _unlock                        
20000490  main_func_sp                   
20000494  btn_onSW1ButtonDownHdr         
20000498  btn_onSW1ButtonUpHdr           
2000049c  btn_onSW2ButtonDownHdr         
200004a0  btn_onSW2ButtonUpHdr           
200004a4  ui32Load                       
200004a8  ui32PWMClock                   
200004ac  ui8Ad                          
ffffffff  __TI_pprof_out_hndl            
ffffffff  __TI_prof_data_size            
ffffffff  __TI_prof_data_start           
ffffffff  __binit__                      
ffffffff  __c_args__                     
ffffffff  binit                          
UNDEFED   SHT$$INIT_ARRAY$$Base          
UNDEFED   SHT$$INIT_ARRAY$$Limit         

[111 symbols]
