******************************************************************************
                  TI ARM Linker Unix v16.9.4                   
******************************************************************************
>> Linked Wed Feb  7 13:55:17 2018

OUTPUT FILE NAME:   <lab5.out>
ENTRY POINT SYMBOL: "_c_int00"  address: 00000be1


MEMORY CONFIGURATION

         name            origin    length      used     unused   attr    fill
----------------------  --------  ---------  --------  --------  ----  --------
  FLASH                 00000000   00040000  00000eb4  0003f14c  R  X
  SRAM                  20000000   00008000  00000228  00007dd8  RW X


SEGMENT ALLOCATION MAP

run origin  load origin   length   init length attrs members
----------  ----------- ---------- ----------- ----- -------
00000000    00000000    00000eb8   00000eb8    r-x
  00000000    00000000    0000026c   0000026c    r-- .intvecs
  0000026c    0000026c    00000c10   00000c10    r-x .text
  00000e80    00000e80    00000038   00000038    r-- .cinit
20000000    20000000    00000228   00000000    rw-
  20000000    20000000    00000200   00000000    rw- .stack
  20000200    20000200    00000018   00000000    rw- .data
  20000218    20000218    00000010   00000000    rw- .bss


SECTION ALLOCATION MAP

 output                                  attributes/
section   page    origin      length       input sections
--------  ----  ----------  ----------   ----------------
.intvecs   0    00000000    0000026c     
                  00000000    0000026c     tm4c123gh6pm_startup_ccs.obj (.intvecs)

.text      0    0000026c    00000c10     
                  0000026c    000004e4     Lab5_2.obj (.text)
                  00000750    00000132     driverlib.lib : gpio.obj (.text:GPIOPadConfigSet)
                  00000882    00000002     rtsv7M4_T_le_v4SPD16_eabi.lib : mpu_init.obj (.text)
                  00000884    000000f4     driverlib.lib : sysctl.obj (.text:SysCtlClockSet)
                  00000978    0000009c     rtsv7M4_T_le_v4SPD16_eabi.lib : memcpy_t2.obj (.text)
                  00000a14    0000007a     driverlib.lib : adc.obj (.text:ADCSequenceStepConfigure)
                  00000a8e    0000007a     rtsv7M4_T_le_v4SPD16_eabi.lib : memset_t2.obj (.text)
                  00000b08    00000070                                   : autoinit.obj (.text)
                  00000b78    00000068                                   : copy_decompress_lzss.obj (.text:decompress:lzss)
                  00000be0    00000054                                   : boot.obj (.text)
                  00000c34    00000054                                   : exit.obj (.text)
                  00000c88    0000004c                                   : cpy_tbl.obj (.text)
                  00000cd4    0000003e     driverlib.lib : adc.obj (.text:ADCSequenceConfigure)
                  00000d12    00000002     rtsv7M4_T_le_v4SPD16_eabi.lib : startup.obj (.text)
                  00000d14    00000034     driverlib.lib : sysctl.obj (.text:SysCtlPeripheralEnable)
                  00000d48    0000002e                   : adc.obj (.text:ADCIntStatus)
                  00000d76    0000002a                   : gpio.obj (.text:GPIODirModeSet)
                  00000da0    0000001e                   : adc.obj (.text:ADCSequenceDataGet)
                  00000dbe    00000018                   : adc.obj (.text:ADCProcessorTrigger)
                  00000dd6    00000018                   : gpio.obj (.text:GPIOPinTypeGPIOOutput)
                  00000dee    00000002     --HOLE-- [fill = 0]
                  00000df0    00000018     rtsv7M4_T_le_v4SPD16_eabi.lib : args_main.obj (.text)
                  00000e08    00000014                                   : _lock.obj (.text)
                  00000e1c    00000012     driverlib.lib : gpio.obj (.text:GPIOPinTypeADC)
                  00000e2e    0000000e                   : adc.obj (.text:ADCSequenceEnable)
                  00000e3c    0000000e     rtsv7M4_T_le_v4SPD16_eabi.lib : copy_decompress_none.obj (.text:decompress:none)
                  00000e4a    0000000c                                   : copy_zero_init.obj (.text:decompress:ZI)
                  00000e56    0000000c     tm4c123gh6pm_startup_ccs.obj (.text)
                  00000e62    0000000a     driverlib.lib : adc.obj (.text:ADCIntClear)
                  00000e6c    00000006                   : gpio.obj (.text:GPIOPinWrite)
                  00000e72    00000006                   : sysctl.obj (.text:SysCtlDelay)
                  00000e78    00000004     rtsv7M4_T_le_v4SPD16_eabi.lib : pre_init.obj (.text)

.cinit     0    00000e80    00000038     
                  00000e80    00000011     (.cinit..data.load) [load image, compression = lzss]
                  00000e91    00000003     --HOLE-- [fill = 0]
                  00000e94    0000000c     (__TI_handler_table)
                  00000ea0    00000008     (.cinit..bss.load) [load image, compression = zero_init]
                  00000ea8    00000010     (__TI_cinit_table)

.init_array 
*          0    00000000    00000000     UNINITIALIZED

.data      0    20000200    00000018     UNINITIALIZED
                  20000200    0000000c     rtsv7M4_T_le_v4SPD16_eabi.lib : exit.obj (.data:$O1$$)
                  2000020c    00000008                                   : _lock.obj (.data:$O1$$)
                  20000214    00000004                                   : stkdepth_vars.obj (.data)

.bss       0    20000218    00000010     UNINITIALIZED
                  20000218    00000004     (.common:center_x)
                  2000021c    00000004     (.common:center_y)
                  20000220    00000004     (.common:ui32JoyLR)
                  20000224    00000004     (.common:ui32JoyUD)

.stack     0    20000000    00000200     UNINITIALIZED
                  20000000    00000200     --HOLE--

MODULE SUMMARY

       Module                         code   ro data   rw data
       ------                         ----   -------   -------
    ./
       Lab5_2.obj                     1252   0         16     
       tm4c123gh6pm_startup_ccs.obj   12     620       0      
    +--+------------------------------+------+---------+---------+
       Total:                         1264   620       16     
                                                              
    /opt/ti/TivaWare_C_Series-2.1.2.111/driverlib/ccs/Debug/driverlib.lib
       gpio.obj                       396    0         0      
       adc.obj                        308    0         0      
       sysctl.obj                     302    0         0      
    +--+------------------------------+------+---------+---------+
       Total:                         1006   0         0      
                                                              
    /opt/ti/ccsv7/tools/compiler/ti-cgt-arm_16.9.4.LTS/lib/rtsv7M4_T_le_v4SPD16_eabi.lib
       memcpy_t2.obj                  156    0         0      
       memset_t2.obj                  122    0         0      
       autoinit.obj                   112    0         0      
       copy_decompress_lzss.obj       104    0         0      
       exit.obj                       84     0         12     
       boot.obj                       84     0         0      
       cpy_tbl.obj                    76     0         0      
       _lock.obj                      20     0         8      
       args_main.obj                  24     0         0      
       copy_decompress_none.obj       14     0         0      
       copy_zero_init.obj             12     0         0      
       pre_init.obj                   4      0         0      
       stkdepth_vars.obj              0      0         4      
       mpu_init.obj                   2      0         0      
       startup.obj                    2      0         0      
    +--+------------------------------+------+---------+---------+
       Total:                         816    0         24     
                                                              
       Stack:                         0      0         512    
       Linker Generated:              0      53        0      
    +--+------------------------------+------+---------+---------+
       Grand Total:                   3086   673       552    


LINKER GENERATED COPY TABLES

__TI_cinit_table @ 00000ea8 records: 2, size/record: 8, table size: 16
	.data: load addr=00000e80, load size=00000011 bytes, run addr=20000200, run size=00000018 bytes, compression=lzss
	.bss: load addr=00000ea0, load size=00000008 bytes, run addr=20000218, run size=00000010 bytes, compression=zero_init


LINKER GENERATED HANDLER TABLE

__TI_handler_table @ 00000e94 records: 3, size/record: 4, table size: 12
	index: 0, handler: __TI_decompress_lzss
	index: 1, handler: __TI_decompress_none
	index: 2, handler: __TI_zero_init


GLOBAL SYMBOLS: SORTED ALPHABETICALLY BY Name 

address   name                           
-------   ----                           
00000e63  ADCIntClear                    
00000d49  ADCIntStatus                   
00000dbf  ADCProcessorTrigger            
00000cd5  ADCSequenceConfigure           
00000da1  ADCSequenceDataGet             
00000e2f  ADCSequenceEnable              
00000a15  ADCSequenceStepConfigure       
00000c35  C$$EXIT                        
00000d77  GPIODirModeSet                 
00000751  GPIOPadConfigSet               
00000e1d  GPIOPinTypeADC                 
00000dd7  GPIOPinTypeGPIOOutput          
00000e6d  GPIOPinWrite                   
00000e57  ResetISR                       
UNDEFED   SHT$$INIT_ARRAY$$Base          
UNDEFED   SHT$$INIT_ARRAY$$Limit         
00000885  SysCtlClockSet                 
00000e73  SysCtlDelay                    
00000d15  SysCtlPeripheralEnable         
20000200  __STACK_END                    
00000200  __STACK_SIZE                   
20000200  __STACK_TOP                    
00000ea8  __TI_CINIT_Base                
00000eb8  __TI_CINIT_Limit               
00000e94  __TI_Handler_Table_Base        
00000ea0  __TI_Handler_Table_Limit       
00000b09  __TI_auto_init                 
20000200  __TI_cleanup_ptr               
00000b79  __TI_decompress_lzss           
00000e3d  __TI_decompress_none           
20000204  __TI_dtors_ptr                 
20000208  __TI_enable_exit_profile_output
ffffffff  __TI_pprof_out_hndl            
ffffffff  __TI_prof_data_size            
ffffffff  __TI_prof_data_start           
00000000  __TI_static_base__             
00000e4b  __TI_zero_init                 
00000a8f  __aeabi_memclr                 
00000a8f  __aeabi_memclr4                
00000a8f  __aeabi_memclr8                
00000979  __aeabi_memcpy                 
00000979  __aeabi_memcpy4                
00000979  __aeabi_memcpy8                
00000a91  __aeabi_memset                 
00000a91  __aeabi_memset4                
00000a91  __aeabi_memset8                
ffffffff  __binit__                      
ffffffff  __c_args__                     
00000883  __mpu_init                     
20000000  __stack                        
00000df1  _args_main                     
00000be1  _c_int00                       
2000020c  _lock                          
00000e17  _nop                           
00000e0f  _register_lock                 
00000e09  _register_unlock               
00000d13  _system_post_cinit             
00000e79  _system_pre_init               
20000210  _unlock                        
00000c39  abort                          
000002df  adc_init                       
ffffffff  binit                          
20000218  center_x                       
2000021c  center_y                       
00000c89  copy_in                        
00000581  displaysquare                  
00000c41  exit                           
00000000  g_pfnVectors                   
000004e7  glcd_cleardisplay              
00000335  glcd_cmd                       
000003f7  glcd_data                      
0000038f  glcd_init                      
00000495  glcd_setcolumn                 
00000451  glcd_setpage                   
000006dd  main                           
20000214  main_func_sp                   
00000979  memcpy                         
00000a97  memset                         
0000026d  setup                          
20000220  ui32JoyLR                      
20000224  ui32JoyUD                      


GLOBAL SYMBOLS: SORTED BY Symbol Address 

address   name                           
-------   ----                           
00000000  __TI_static_base__             
00000000  g_pfnVectors                   
00000200  __STACK_SIZE                   
0000026d  setup                          
000002df  adc_init                       
00000335  glcd_cmd                       
0000038f  glcd_init                      
000003f7  glcd_data                      
00000451  glcd_setpage                   
00000495  glcd_setcolumn                 
000004e7  glcd_cleardisplay              
00000581  displaysquare                  
000006dd  main                           
00000751  GPIOPadConfigSet               
00000883  __mpu_init                     
00000885  SysCtlClockSet                 
00000979  __aeabi_memcpy                 
00000979  __aeabi_memcpy4                
00000979  __aeabi_memcpy8                
00000979  memcpy                         
00000a15  ADCSequenceStepConfigure       
00000a8f  __aeabi_memclr                 
00000a8f  __aeabi_memclr4                
00000a8f  __aeabi_memclr8                
00000a91  __aeabi_memset                 
00000a91  __aeabi_memset4                
00000a91  __aeabi_memset8                
00000a97  memset                         
00000b09  __TI_auto_init                 
00000b79  __TI_decompress_lzss           
00000be1  _c_int00                       
00000c35  C$$EXIT                        
00000c39  abort                          
00000c41  exit                           
00000c89  copy_in                        
00000cd5  ADCSequenceConfigure           
00000d13  _system_post_cinit             
00000d15  SysCtlPeripheralEnable         
00000d49  ADCIntStatus                   
00000d77  GPIODirModeSet                 
00000da1  ADCSequenceDataGet             
00000dbf  ADCProcessorTrigger            
00000dd7  GPIOPinTypeGPIOOutput          
00000df1  _args_main                     
00000e09  _register_unlock               
00000e0f  _register_lock                 
00000e17  _nop                           
00000e1d  GPIOPinTypeADC                 
00000e2f  ADCSequenceEnable              
00000e3d  __TI_decompress_none           
00000e4b  __TI_zero_init                 
00000e57  ResetISR                       
00000e63  ADCIntClear                    
00000e6d  GPIOPinWrite                   
00000e73  SysCtlDelay                    
00000e79  _system_pre_init               
00000e94  __TI_Handler_Table_Base        
00000ea0  __TI_Handler_Table_Limit       
00000ea8  __TI_CINIT_Base                
00000eb8  __TI_CINIT_Limit               
20000000  __stack                        
20000200  __STACK_END                    
20000200  __STACK_TOP                    
20000200  __TI_cleanup_ptr               
20000204  __TI_dtors_ptr                 
20000208  __TI_enable_exit_profile_output
2000020c  _lock                          
20000210  _unlock                        
20000214  main_func_sp                   
20000218  center_x                       
2000021c  center_y                       
20000220  ui32JoyLR                      
20000224  ui32JoyUD                      
ffffffff  __TI_pprof_out_hndl            
ffffffff  __TI_prof_data_size            
ffffffff  __TI_prof_data_start           
ffffffff  __binit__                      
ffffffff  __c_args__                     
ffffffff  binit                          
UNDEFED   SHT$$INIT_ARRAY$$Base          
UNDEFED   SHT$$INIT_ARRAY$$Limit         

[81 symbols]
