******************************************************************************
                  TI ARM Linker Unix v16.9.4                   
******************************************************************************
>> Linked Tue Jan 23 09:15:09 2018

OUTPUT FILE NAME:   <lab2.out>
ENTRY POINT SYMBOL: "_c_int00"  address: 00000b65


MEMORY CONFIGURATION

         name            origin    length      used     unused   attr    fill
----------------------  --------  ---------  --------  --------  ----  --------
  FLASH                 00000000   00040000  00001110  0003eef0  R  X
  SRAM                  20000000   00008000  000004a0  00007b60  RW X


SEGMENT ALLOCATION MAP

run origin  load origin   length   init length attrs members
----------  ----------- ---------- ----------- ----- -------
00000000    00000000    00001110   00001110    r-x
  00000000    00000000    0000026c   0000026c    r-- .intvecs
  0000026c    0000026c    00000bf8   00000bf8    r-x .text
  00000e64    00000e64    0000025c   0000025c    r-- .const
  000010c0    000010c0    00000050   00000050    r-- .cinit
20000000    20000000    000004a0   00000000    rw-
  20000000    20000000    0000026c   00000000    rw- .vtable
  2000026c    2000026c    00000200   00000000    rw- .stack
  2000046c    2000046c    00000024   00000000    rw- .data
  20000490    20000490    00000010   00000000    rw- .bss


SECTION ALLOCATION MAP

 output                                  attributes/
section   page    origin      length       input sections
--------  ----  ----------  ----------   ----------------
.intvecs   0    00000000    0000026c     
                  00000000    0000026c     tm4c123gh6pm_startup_ccs.obj (.intvecs)

.text      0    0000026c    00000bf8     
                  0000026c    000001fc     buttons.obj (.text)
                  00000468    00000132     driverlib.lib : gpio.obj (.text:GPIOPadConfigSet)
                  0000059a    00000002     rtsv7M4_T_le_v4SPD16_eabi.lib : mpu_init.obj (.text)
                  0000059c    00000110     driverlib.lib : sysctl.obj (.text:SysCtlClockGet)
                  000006ac    000000f4                   : sysctl.obj (.text:SysCtlClockSet)
                  000007a0    000000b4     lab-2.obj (.text)
                  00000854    0000009c     rtsv7M4_T_le_v4SPD16_eabi.lib : memcpy_t2.obj (.text)
                  000008f0    0000007a                                   : memset_t2.obj (.text)
                  0000096a    00000002                                   : startup.obj (.text)
                  0000096c    00000070                                   : autoinit.obj (.text)
                  000009dc    00000068     driverlib.lib : interrupt.obj (.text:IntEnable)
                  00000a44    00000068     rtsv7M4_T_le_v4SPD16_eabi.lib : copy_decompress_lzss.obj (.text:decompress:lzss)
                  00000aac    00000060     driverlib.lib : timer.obj (.text:TimerConfigure)
                  00000b0c    00000056                   : gpio.obj (.text:GPIOIntTypeSet)
                  00000b62    00000002     --HOLE-- [fill = 0]
                  00000b64    00000054     rtsv7M4_T_le_v4SPD16_eabi.lib : boot.obj (.text)
                  00000bb8    00000054                                   : exit.obj (.text)
                  00000c0c    0000004c                                   : cpy_tbl.obj (.text)
                  00000c58    00000040     driverlib.lib : gpio.obj (.text:_GPIOIntNumberGet)
                  00000c98    00000034                   : interrupt.obj (.text:IntRegister)
                  00000ccc    00000034                   : sysctl.obj (.text:SysCtlPeripheralEnable)
                  00000d00    0000002a                   : gpio.obj (.text:GPIODirModeSet)
                  00000d2a    00000018                   : gpio.obj (.text:GPIOIntRegister)
                  00000d42    00000018                   : gpio.obj (.text:GPIOPinTypeGPIOOutput)
                  00000d5a    00000002     --HOLE-- [fill = 0]
                  00000d5c    00000018                   : timer.obj (.text:TimerDisable)
                  00000d74    00000018     rtsv7M4_T_le_v4SPD16_eabi.lib : args_main.obj (.text)
                  00000d8c    00000014                                   : _lock.obj (.text)
                  00000da0    00000012     driverlib.lib : gpio.obj (.text:GPIOPinTypeGPIOInput)
                  00000db2    00000012                   : timer.obj (.text:TimerLoadSet)
                  00000dc4    00000010                   : interrupt.obj (.text:IntMasterEnable)
                  00000dd4    0000000e                   : gpio.obj (.text:GPIOIntDisable)
                  00000de2    0000000e                   : gpio.obj (.text:GPIOIntStatus)
                  00000df0    0000000e                   : timer.obj (.text:TimerEnable)
                  00000dfe    0000000e     rtsv7M4_T_le_v4SPD16_eabi.lib : copy_decompress_none.obj (.text:decompress:none)
                  00000e0c    0000000c     driverlib.lib : cpu.obj (.text:CPUcpsie)
                  00000e18    0000000c                   : gpio.obj (.text:GPIOIntEnable)
                  00000e24    0000000c     rtsv7M4_T_le_v4SPD16_eabi.lib : copy_zero_init.obj (.text:decompress:ZI)
                  00000e30    0000000c     tm4c123gh6pm_startup_ccs.obj (.text)
                  00000e3c    00000008     driverlib.lib : timer.obj (.text:TimerIntEnable)
                  00000e44    00000006                   : gpio.obj (.text:GPIOIntClear)
                  00000e4a    00000006                   : gpio.obj (.text:GPIOPinRead)
                  00000e50    00000006                   : gpio.obj (.text:GPIOPinWrite)
                  00000e56    00000006                   : sysctl.obj (.text:SysCtlDelay)
                  00000e5c    00000004                   : timer.obj (.text:TimerIntClear)
                  00000e60    00000004     rtsv7M4_T_le_v4SPD16_eabi.lib : pre_init.obj (.text)

.const     0    00000e64    0000025c     
                  00000e64    000000c0     driverlib.lib : gpio.obj (.const:g_ppui32GPIOIntMapBlizzard)
                  00000f24    000000c0                   : gpio.obj (.const:g_ppui32GPIOIntMapSnowflake)
                  00000fe4    00000070                   : interrupt.obj (.const)
                  00001054    0000006c                   : sysctl.obj (.const:g_pui32Xtals)

.cinit     0    000010c0    00000050     
                  000010c0    0000001b     (.cinit..data.load) [load image, compression = lzss]
                  000010db    00000001     --HOLE-- [fill = 0]
                  000010dc    0000000c     (__TI_handler_table)
                  000010e8    00000008     (.cinit..bss.load) [load image, compression = zero_init]
                  000010f0    00000008     (.cinit..vtable.load) [load image, compression = zero_init]
                  000010f8    00000018     (__TI_cinit_table)

.init_array 
*          0    00000000    00000000     UNINITIALIZED

.vtable    0    20000000    0000026c     UNINITIALIZED
                  20000000    0000026c     driverlib.lib : interrupt.obj (.vtable)

.data      0    2000046c    00000024     UNINITIALIZED
                  2000046c    0000000c     rtsv7M4_T_le_v4SPD16_eabi.lib : exit.obj (.data:$O1$$)
                  20000478    00000009     lab-2.obj (.data)
                  20000481    00000002     buttons.obj (.data)
                  20000483    00000001     --HOLE--
                  20000484    00000008     rtsv7M4_T_le_v4SPD16_eabi.lib : _lock.obj (.data:$O1$$)
                  2000048c    00000004                                   : stkdepth_vars.obj (.data)

.bss       0    20000490    00000010     UNINITIALIZED
                  20000490    00000004     (.common:btn_onSW1ButtonDownHdr)
                  20000494    00000004     (.common:btn_onSW1ButtonUpHdr)
                  20000498    00000004     (.common:btn_onSW2ButtonDownHdr)
                  2000049c    00000004     (.common:btn_onSW2ButtonUpHdr)

.stack     0    2000026c    00000200     UNINITIALIZED
                  2000026c    00000200     --HOLE--

MODULE SUMMARY

       Module                         code   ro data   rw data
       ------                         ----   -------   -------
    ./
       tm4c123gh6pm_startup_ccs.obj   12     620       0      
       buttons.obj                    508    0         18     
       lab-2.obj                      180    0         9      
    +--+------------------------------+------+---------+---------+
       Total:                         700    620       27     
                                                              
    /opt/ti/TivaWare_C_Series-2.1.2.111/driverlib/ccs/Debug/driverlib.lib
       gpio.obj                       622    384       0      
       interrupt.obj                  172    112       620    
       sysctl.obj                     574    108       0      
       timer.obj                      164    0         0      
       cpu.obj                        12     0         0      
    +--+------------------------------+------+---------+---------+
       Total:                         1544   604       620    
                                                              
    /opt/ti/ccsv7/tools/compiler/ti-cgt-arm_16.9.4.LTS/lib/rtsv7M4_T_le_v4SPD16_eabi.lib
       memcpy_t2.obj                  156    0         0      
       memset_t2.obj                  122    0         0      
       autoinit.obj                   112    0         0      
       copy_decompress_lzss.obj       104    0         0      
       exit.obj                       84     0         12     
       boot.obj                       84     0         0      
       cpy_tbl.obj                    76     0         0      
       _lock.obj                      20     0         8      
       args_main.obj                  24     0         0      
       copy_decompress_none.obj       14     0         0      
       copy_zero_init.obj             12     0         0      
       pre_init.obj                   4      0         0      
       stkdepth_vars.obj              0      0         4      
       mpu_init.obj                   2      0         0      
       startup.obj                    2      0         0      
    +--+------------------------------+------+---------+---------+
       Total:                         816    0         24     
                                                              
       Stack:                         0      0         512    
       Linker Generated:              0      79        0      
    +--+------------------------------+------+---------+---------+
       Grand Total:                   3060   1303      1183   


LINKER GENERATED COPY TABLES

__TI_cinit_table @ 000010f8 records: 3, size/record: 8, table size: 24
	.data: load addr=000010c0, load size=0000001b bytes, run addr=2000046c, run size=00000024 bytes, compression=lzss
	.bss: load addr=000010e8, load size=00000008 bytes, run addr=20000490, run size=00000010 bytes, compression=zero_init
	.vtable: load addr=000010f0, load size=00000008 bytes, run addr=20000000, run size=0000026c bytes, compression=zero_init


LINKER GENERATED HANDLER TABLE

__TI_handler_table @ 000010dc records: 3, size/record: 4, table size: 12
	index: 0, handler: __TI_zero_init
	index: 1, handler: __TI_decompress_lzss
	index: 2, handler: __TI_decompress_none


GLOBAL SYMBOLS: SORTED ALPHABETICALLY BY Name 

address   name                           
-------   ----                           
00000bb9  C$$EXIT                        
00000e0d  CPUcpsie                       
00000d01  GPIODirModeSet                 
00000e45  GPIOIntClear                   
00000dd5  GPIOIntDisable                 
00000e19  GPIOIntEnable                  
00000d2b  GPIOIntRegister                
00000de3  GPIOIntStatus                  
00000b0d  GPIOIntTypeSet                 
00000469  GPIOPadConfigSet               
00000e4b  GPIOPinRead                    
00000da1  GPIOPinTypeGPIOInput           
00000d43  GPIOPinTypeGPIOOutput          
00000e51  GPIOPinWrite                   
000009dd  IntEnable                      
00000dc5  IntMasterEnable                
00000c99  IntRegister                    
00000e31  ResetISR                       
UNDEFED   SHT$$INIT_ARRAY$$Base          
UNDEFED   SHT$$INIT_ARRAY$$Limit         
0000059d  SysCtlClockGet                 
000006ad  SysCtlClockSet                 
00000e57  SysCtlDelay                    
00000ccd  SysCtlPeripheralEnable         
000002bb  Timer0IntHandler               
00000aad  TimerConfigure                 
00000d5d  TimerDisable                   
00000df1  TimerEnable                    
00000e5d  TimerIntClear                  
00000e3d  TimerIntEnable                 
00000db3  TimerLoadSet                   
2000046c  __STACK_END                    
00000200  __STACK_SIZE                   
2000046c  __STACK_TOP                    
000010f8  __TI_CINIT_Base                
00001110  __TI_CINIT_Limit               
000010dc  __TI_Handler_Table_Base        
000010e8  __TI_Handler_Table_Limit       
0000096d  __TI_auto_init                 
2000046c  __TI_cleanup_ptr               
00000a45  __TI_decompress_lzss           
00000dff  __TI_decompress_none           
20000470  __TI_dtors_ptr                 
20000474  __TI_enable_exit_profile_output
ffffffff  __TI_pprof_out_hndl            
ffffffff  __TI_prof_data_size            
ffffffff  __TI_prof_data_start           
00000000  __TI_static_base__             
00000e25  __TI_zero_init                 
000008f1  __aeabi_memclr                 
000008f1  __aeabi_memclr4                
000008f1  __aeabi_memclr8                
00000855  __aeabi_memcpy                 
00000855  __aeabi_memcpy4                
00000855  __aeabi_memcpy8                
000008f3  __aeabi_memset                 
000008f3  __aeabi_memset4                
000008f3  __aeabi_memset8                
ffffffff  __binit__                      
ffffffff  __c_args__                     
0000059b  __mpu_init                     
2000026c  __stack                        
00000d75  _args_main                     
00000b65  _c_int00                       
20000484  _lock                          
00000d9b  _nop                           
00000d93  _register_lock                 
00000d8d  _register_unlock               
0000096b  _system_post_cinit             
00000e61  _system_pre_init               
20000488  _unlock                        
00000bbd  abort                          
ffffffff  binit                          
0000039f  btn_initialize                 
0000026d  btn_onButtonDown               
000002b9  btn_onButtonUp                 
20000490  btn_onSW1ButtonDownHdr         
20000494  btn_onSW1ButtonUpHdr           
20000498  btn_onSW2ButtonDownHdr         
2000049c  btn_onSW2ButtonUpHdr           
20000481  btn_sw1_state                  
20000482  btn_sw2_state                  
00000c0d  copy_in                        
20000480  delay                          
2000047c  delay_500ms                    
00000bc5  exit                           
20000000  g_pfnRAMVectors                
00000000  g_pfnVectors                   
000007ff  led_pin_config                 
0000080b  main                           
2000048c  main_func_sp                   
00000855  memcpy                         
000008f9  memset                         
000007cd  onSW1ButtonDown                
000007d7  onSW1ButtonUp                  
000007a1  onSW2ButtonDown                
000007cb  onSW2ButtonUp                  
000007d9  setup                          
20000479  sw2Status                      
20000478  ui8LED                         


GLOBAL SYMBOLS: SORTED BY Symbol Address 

address   name                           
-------   ----                           
00000000  __TI_static_base__             
00000000  g_pfnVectors                   
00000200  __STACK_SIZE                   
0000026d  btn_onButtonDown               
000002b9  btn_onButtonUp                 
000002bb  Timer0IntHandler               
0000039f  btn_initialize                 
00000469  GPIOPadConfigSet               
0000059b  __mpu_init                     
0000059d  SysCtlClockGet                 
000006ad  SysCtlClockSet                 
000007a1  onSW2ButtonDown                
000007cb  onSW2ButtonUp                  
000007cd  onSW1ButtonDown                
000007d7  onSW1ButtonUp                  
000007d9  setup                          
000007ff  led_pin_config                 
0000080b  main                           
00000855  __aeabi_memcpy                 
00000855  __aeabi_memcpy4                
00000855  __aeabi_memcpy8                
00000855  memcpy                         
000008f1  __aeabi_memclr                 
000008f1  __aeabi_memclr4                
000008f1  __aeabi_memclr8                
000008f3  __aeabi_memset                 
000008f3  __aeabi_memset4                
000008f3  __aeabi_memset8                
000008f9  memset                         
0000096b  _system_post_cinit             
0000096d  __TI_auto_init                 
000009dd  IntEnable                      
00000a45  __TI_decompress_lzss           
00000aad  TimerConfigure                 
00000b0d  GPIOIntTypeSet                 
00000b65  _c_int00                       
00000bb9  C$$EXIT                        
00000bbd  abort                          
00000bc5  exit                           
00000c0d  copy_in                        
00000c99  IntRegister                    
00000ccd  SysCtlPeripheralEnable         
00000d01  GPIODirModeSet                 
00000d2b  GPIOIntRegister                
00000d43  GPIOPinTypeGPIOOutput          
00000d5d  TimerDisable                   
00000d75  _args_main                     
00000d8d  _register_unlock               
00000d93  _register_lock                 
00000d9b  _nop                           
00000da1  GPIOPinTypeGPIOInput           
00000db3  TimerLoadSet                   
00000dc5  IntMasterEnable                
00000dd5  GPIOIntDisable                 
00000de3  GPIOIntStatus                  
00000df1  TimerEnable                    
00000dff  __TI_decompress_none           
00000e0d  CPUcpsie                       
00000e19  GPIOIntEnable                  
00000e25  __TI_zero_init                 
00000e31  ResetISR                       
00000e3d  TimerIntEnable                 
00000e45  GPIOIntClear                   
00000e4b  GPIOPinRead                    
00000e51  GPIOPinWrite                   
00000e57  SysCtlDelay                    
00000e5d  TimerIntClear                  
00000e61  _system_pre_init               
000010dc  __TI_Handler_Table_Base        
000010e8  __TI_Handler_Table_Limit       
000010f8  __TI_CINIT_Base                
00001110  __TI_CINIT_Limit               
20000000  g_pfnRAMVectors                
2000026c  __stack                        
2000046c  __STACK_END                    
2000046c  __STACK_TOP                    
2000046c  __TI_cleanup_ptr               
20000470  __TI_dtors_ptr                 
20000474  __TI_enable_exit_profile_output
20000478  ui8LED                         
20000479  sw2Status                      
2000047c  delay_500ms                    
20000480  delay                          
20000481  btn_sw1_state                  
20000482  btn_sw2_state                  
20000484  _lock                          
20000488  _unlock                        
2000048c  main_func_sp                   
20000490  btn_onSW1ButtonDownHdr         
20000494  btn_onSW1ButtonUpHdr           
20000498  btn_onSW2ButtonDownHdr         
2000049c  btn_onSW2ButtonUpHdr           
ffffffff  __TI_pprof_out_hndl            
ffffffff  __TI_prof_data_size            
ffffffff  __TI_prof_data_start           
ffffffff  __binit__                      
ffffffff  __c_args__                     
ffffffff  binit                          
UNDEFED   SHT$$INIT_ARRAY$$Base          
UNDEFED   SHT$$INIT_ARRAY$$Limit         

[100 symbols]
