******************************************************************************
                  TI ARM Linker Unix v16.9.4                   
******************************************************************************
>> Linked Wed Feb  7 14:00:30 2018

OUTPUT FILE NAME:   <lab4.out>
ENTRY POINT SYMBOL: "_c_int00"  address: 00000e9d


MEMORY CONFIGURATION

         name            origin    length      used     unused   attr    fill
----------------------  --------  ---------  --------  --------  ----  --------
  FLASH                 00000000   00040000  0000167a  0003e986  R  X
  SRAM                  20000000   00008000  000004ce  00007b32  RW X


SEGMENT ALLOCATION MAP

run origin  load origin   length   init length attrs members
----------  ----------- ---------- ----------- ----- -------
00000000    00000000    00001680   00001680    r-x
  00000000    00000000    0000026c   0000026c    r-- .intvecs
  0000026c    0000026c    000010da   000010da    r-x .text
  00001348    00001348    000002ec   000002ec    r-- .const
  00001638    00001638    00000048   00000048    r-- .cinit
20000000    20000000    000004ce   00000000    rw-
  20000000    20000000    0000026c   00000000    rw- .vtable
  2000026c    2000026c    00000200   00000000    rw- .stack
  2000046c    2000046c    00000048   00000000    rw- .bss
  200004b4    200004b4    0000001a   00000000    rw- .data


SECTION ALLOCATION MAP

 output                                  attributes/
section   page    origin      length       input sections
--------  ----  ----------  ----------   ----------------
.intvecs   0    00000000    0000026c     
                  00000000    0000026c     tm4c123gh6pm_startup_ccs.obj (.intvecs)

.text      0    0000026c    000010da     
                  0000026c    00000374     Lab4_2.obj (.text)
                  000005e0    000001fc     buttons.obj (.text)
                  000007dc    00000132     driverlib.lib : gpio.obj (.text:GPIOPadConfigSet)
                  0000090e    00000002     rtsv7M4_T_le_v4SPD16_eabi.lib : mpu_init.obj (.text)
                  00000910    00000110     driverlib.lib : sysctl.obj (.text:SysCtlClockGet)
                  00000a20    000000f4                   : sysctl.obj (.text:SysCtlClockSet)
                  00000b14    0000009c     rtsv7M4_T_le_v4SPD16_eabi.lib : memcpy_t2.obj (.text)
                  00000bb0    0000007a     driverlib.lib : adc.obj (.text:ADCSequenceStepConfigure)
                  00000c2a    0000007a     rtsv7M4_T_le_v4SPD16_eabi.lib : memset_t2.obj (.text)
                  00000ca4    00000070                                   : autoinit.obj (.text)
                  00000d14    00000068     driverlib.lib : interrupt.obj (.text:IntEnable)
                  00000d7c    00000068     rtsv7M4_T_le_v4SPD16_eabi.lib : copy_decompress_lzss.obj (.text:decompress:lzss)
                  00000de4    00000060     driverlib.lib : timer.obj (.text:TimerConfigure)
                  00000e44    00000056                   : gpio.obj (.text:GPIOIntTypeSet)
                  00000e9a    00000002     rtsv7M4_T_le_v4SPD16_eabi.lib : startup.obj (.text)
                  00000e9c    00000054                                   : boot.obj (.text)
                  00000ef0    00000054                                   : exit.obj (.text)
                  00000f44    0000004c                                   : cpy_tbl.obj (.text)
                  00000f90    00000048     driverlib.lib : gpio.obj (.text:GPIOPinConfigure)
                  00000fd8    00000046                   : uart.obj (.text:UARTConfigSetExpClk)
                  0000101e    00000002     --HOLE-- [fill = 0]
                  00001020    00000040                   : gpio.obj (.text:_GPIOIntNumberGet)
                  00001060    0000003e                   : adc.obj (.text:ADCSequenceConfigure)
                  0000109e    00000002     --HOLE-- [fill = 0]
                  000010a0    00000034                   : interrupt.obj (.text:IntRegister)
                  000010d4    00000034                   : sysctl.obj (.text:SysCtlPeripheralEnable)
                  00001108    0000002e                   : adc.obj (.text:ADCIntStatus)
                  00001136    0000002a                   : gpio.obj (.text:GPIODirModeSet)
                  00001160    00000020                   : uart.obj (.text:UARTDisable)
                  00001180    0000001e                   : adc.obj (.text:ADCSequenceDataGet)
                  0000119e    00000018                   : adc.obj (.text:ADCProcessorTrigger)
                  000011b6    00000018                   : gpio.obj (.text:GPIOIntRegister)
                  000011ce    00000018                   : gpio.obj (.text:GPIOPinTypeGPIOOutput)
                  000011e6    00000002     --HOLE-- [fill = 0]
                  000011e8    00000018                   : timer.obj (.text:TimerDisable)
                  00001200    00000018     rtsv7M4_T_le_v4SPD16_eabi.lib : args_main.obj (.text)
                  00001218    00000014     driverlib.lib : uart.obj (.text:UARTEnable)
                  0000122c    00000014     rtsv7M4_T_le_v4SPD16_eabi.lib : _lock.obj (.text)
                  00001240    00000012     driverlib.lib : gpio.obj (.text:GPIOPinTypeGPIOInput)
                  00001252    00000012                   : gpio.obj (.text:GPIOPinTypeUART)
                  00001264    00000012                   : timer.obj (.text:TimerLoadSet)
                  00001276    00000010                   : interrupt.obj (.text:IntMasterEnable)
                  00001286    0000000e                   : adc.obj (.text:ADCHardwareOversampleConfigure)
                  00001294    0000000e                   : adc.obj (.text:ADCSequenceEnable)
                  000012a2    0000000e                   : gpio.obj (.text:GPIOIntDisable)
                  000012b0    0000000e                   : gpio.obj (.text:GPIOIntStatus)
                  000012be    0000000e                   : timer.obj (.text:TimerEnable)
                  000012cc    0000000e     rtsv7M4_T_le_v4SPD16_eabi.lib : copy_decompress_none.obj (.text:decompress:none)
                  000012da    0000000c     driverlib.lib : cpu.obj (.text:CPUcpsie)
                  000012e6    0000000c                   : gpio.obj (.text:GPIOIntEnable)
                  000012f2    0000000c     rtsv7M4_T_le_v4SPD16_eabi.lib : copy_zero_init.obj (.text:decompress:ZI)
                  000012fe    0000000c     tm4c123gh6pm_startup_ccs.obj (.text)
                  0000130a    0000000a     driverlib.lib : adc.obj (.text:ADCIntClear)
                  00001314    0000000a                   : uart.obj (.text:UARTCharPut)
                  0000131e    00000008                   : timer.obj (.text:TimerIntEnable)
                  00001326    00000006                   : gpio.obj (.text:GPIOIntClear)
                  0000132c    00000006                   : gpio.obj (.text:GPIOPinRead)
                  00001332    00000006                   : gpio.obj (.text:GPIOPinWrite)
                  00001338    00000006                   : sysctl.obj (.text:SysCtlDelay)
                  0000133e    00000004                   : timer.obj (.text:TimerIntClear)
                  00001342    00000004     rtsv7M4_T_le_v4SPD16_eabi.lib : pre_init.obj (.text)

.const     0    00001348    000002ec     
                  00001348    000000c0     driverlib.lib : gpio.obj (.const:g_ppui32GPIOIntMapBlizzard)
                  00001408    000000c0                   : gpio.obj (.const:g_ppui32GPIOIntMapSnowflake)
                  000014c8    00000090                   : gpio.obj (.const:g_pui32GPIOBaseAddrs)
                  00001558    00000070                   : interrupt.obj (.const)
                  000015c8    0000006c                   : sysctl.obj (.const:g_pui32Xtals)

.cinit     0    00001638    00000048     
                  00001638    00000011     (.cinit..data.load) [load image, compression = lzss]
                  00001649    00000003     --HOLE-- [fill = 0]
                  0000164c    0000000c     (__TI_handler_table)
                  00001658    00000008     (.cinit..bss.load) [load image, compression = zero_init]
                  00001660    00000008     (.cinit..vtable.load) [load image, compression = zero_init]
                  00001668    00000018     (__TI_cinit_table)

.init_array 
*          0    00000000    00000000     UNINITIALIZED

.vtable    0    20000000    0000026c     UNINITIALIZED
                  20000000    0000026c     driverlib.lib : interrupt.obj (.vtable)

.bss       0    2000046c    00000048     UNINITIALIZED
                  2000046c    00000010     (.common:ui32ADC0Value)
                  2000047c    00000010     (.common:ui32ADC1Value)
                  2000048c    00000004     (.common:XValue)
                  20000490    00000004     (.common:YValue)
                  20000494    00000004     (.common:btn_onSW1ButtonDownHdr)
                  20000498    00000004     (.common:btn_onSW1ButtonUpHdr)
                  2000049c    00000004     (.common:btn_onSW2ButtonDownHdr)
                  200004a0    00000004     (.common:btn_onSW2ButtonUpHdr)
                  200004a4    00000004     (.common:ui32Avg1)
                  200004a8    00000004     (.common:ui32Avg2)
                  200004ac    00000004     (.common:ui32Value1)
                  200004b0    00000004     (.common:ui32Value2)

.data      0    200004b4    0000001a     UNINITIALIZED
                  200004b4    0000000c     rtsv7M4_T_le_v4SPD16_eabi.lib : exit.obj (.data:$O1$$)
                  200004c0    00000008                                   : _lock.obj (.data:$O1$$)
                  200004c8    00000004                                   : stkdepth_vars.obj (.data)
                  200004cc    00000002     buttons.obj (.data)

.stack     0    2000026c    00000200     UNINITIALIZED
                  2000026c    00000200     --HOLE--

MODULE SUMMARY

       Module                         code   ro data   rw data
       ------                         ----   -------   -------
    ./
       Lab4_2.obj                     884    0         56     
       tm4c123gh6pm_startup_ccs.obj   12     620       0      
       buttons.obj                    508    0         18     
    +--+------------------------------+------+---------+---------+
       Total:                         1404   620       74     
                                                              
    /opt/ti/TivaWare_C_Series-2.1.2.111/driverlib/ccs/Debug/driverlib.lib
       gpio.obj                       712    528       0      
       interrupt.obj                  172    112       620    
       sysctl.obj                     574    108       0      
       adc.obj                        322    0         0      
       timer.obj                      164    0         0      
       uart.obj                       132    0         0      
       cpu.obj                        12     0         0      
    +--+------------------------------+------+---------+---------+
       Total:                         2088   748       620    
                                                              
    /opt/ti/ccsv7/tools/compiler/ti-cgt-arm_16.9.4.LTS/lib/rtsv7M4_T_le_v4SPD16_eabi.lib
       memcpy_t2.obj                  156    0         0      
       memset_t2.obj                  122    0         0      
       autoinit.obj                   112    0         0      
       copy_decompress_lzss.obj       104    0         0      
       exit.obj                       84     0         12     
       boot.obj                       84     0         0      
       cpy_tbl.obj                    76     0         0      
       _lock.obj                      20     0         8      
       args_main.obj                  24     0         0      
       copy_decompress_none.obj       14     0         0      
       copy_zero_init.obj             12     0         0      
       pre_init.obj                   4      0         0      
       stkdepth_vars.obj              0      0         4      
       mpu_init.obj                   2      0         0      
       startup.obj                    2      0         0      
    +--+------------------------------+------+---------+---------+
       Total:                         816    0         24     
                                                              
       Stack:                         0      0         512    
       Linker Generated:              0      69        0      
    +--+------------------------------+------+---------+---------+
       Grand Total:                   4308   1437      1230   


LINKER GENERATED COPY TABLES

__TI_cinit_table @ 00001668 records: 3, size/record: 8, table size: 24
	.data: load addr=00001638, load size=00000011 bytes, run addr=200004b4, run size=0000001a bytes, compression=lzss
	.bss: load addr=00001658, load size=00000008 bytes, run addr=2000046c, run size=00000048 bytes, compression=zero_init
	.vtable: load addr=00001660, load size=00000008 bytes, run addr=20000000, run size=0000026c bytes, compression=zero_init


LINKER GENERATED HANDLER TABLE

__TI_handler_table @ 0000164c records: 3, size/record: 4, table size: 12
	index: 0, handler: __TI_zero_init
	index: 1, handler: __TI_decompress_lzss
	index: 2, handler: __TI_decompress_none


GLOBAL SYMBOLS: SORTED ALPHABETICALLY BY Name 

address   name                           
-------   ----                           
00001287  ADCHardwareOversampleConfigure 
0000130b  ADCIntClear                    
00001109  ADCIntStatus                   
0000119f  ADCProcessorTrigger            
00001061  ADCSequenceConfigure           
00001181  ADCSequenceDataGet             
00001295  ADCSequenceEnable              
00000bb1  ADCSequenceStepConfigure       
00000ef1  C$$EXIT                        
000012db  CPUcpsie                       
00001137  GPIODirModeSet                 
00001327  GPIOIntClear                   
000012a3  GPIOIntDisable                 
000012e7  GPIOIntEnable                  
000011b7  GPIOIntRegister                
000012b1  GPIOIntStatus                  
00000e45  GPIOIntTypeSet                 
000007dd  GPIOPadConfigSet               
00000f91  GPIOPinConfigure               
0000132d  GPIOPinRead                    
00001241  GPIOPinTypeGPIOInput           
000011cf  GPIOPinTypeGPIOOutput          
00001253  GPIOPinTypeUART                
00001333  GPIOPinWrite                   
00000d15  IntEnable                      
00001277  IntMasterEnable                
000010a1  IntRegister                    
000012ff  ResetISR                       
UNDEFED   SHT$$INIT_ARRAY$$Base          
UNDEFED   SHT$$INIT_ARRAY$$Limit         
00000911  SysCtlClockGet                 
00000a21  SysCtlClockSet                 
00001339  SysCtlDelay                    
000010d5  SysCtlPeripheralEnable         
0000062f  Timer0IntHandler               
00000de5  TimerConfigure                 
000011e9  TimerDisable                   
000012bf  TimerEnable                    
0000133f  TimerIntClear                  
0000131f  TimerIntEnable                 
00001265  TimerLoadSet                   
00001315  UARTCharPut                    
00000fd9  UARTConfigSetExpClk            
00001161  UARTDisable                    
00001219  UARTEnable                     
2000048c  XValue                         
20000490  YValue                         
2000046c  __STACK_END                    
00000200  __STACK_SIZE                   
2000046c  __STACK_TOP                    
00001668  __TI_CINIT_Base                
00001680  __TI_CINIT_Limit               
0000164c  __TI_Handler_Table_Base        
00001658  __TI_Handler_Table_Limit       
00000ca5  __TI_auto_init                 
200004b4  __TI_cleanup_ptr               
00000d7d  __TI_decompress_lzss           
000012cd  __TI_decompress_none           
200004b8  __TI_dtors_ptr                 
200004bc  __TI_enable_exit_profile_output
ffffffff  __TI_pprof_out_hndl            
ffffffff  __TI_prof_data_size            
ffffffff  __TI_prof_data_start           
00000000  __TI_static_base__             
000012f3  __TI_zero_init                 
00000c2b  __aeabi_memclr                 
00000c2b  __aeabi_memclr4                
00000c2b  __aeabi_memclr8                
00000b15  __aeabi_memcpy                 
00000b15  __aeabi_memcpy4                
00000b15  __aeabi_memcpy8                
00000c2d  __aeabi_memset                 
00000c2d  __aeabi_memset4                
00000c2d  __aeabi_memset8                
ffffffff  __binit__                      
ffffffff  __c_args__                     
0000090f  __mpu_init                     
2000026c  __stack                        
00001201  _args_main                     
00000e9d  _c_int00                       
200004c0  _lock                          
0000123b  _nop                           
00001233  _register_lock                 
0000122d  _register_unlock               
00000e9b  _system_post_cinit             
00001343  _system_pre_init               
200004c4  _unlock                        
00000ef5  abort                          
ffffffff  binit                          
00000713  btn_initialize                 
000005e1  btn_onButtonDown               
0000062d  btn_onButtonUp                 
20000494  btn_onSW1ButtonDownHdr         
20000498  btn_onSW1ButtonUpHdr           
2000049c  btn_onSW2ButtonDownHdr         
200004a0  btn_onSW2ButtonUpHdr           
200004cc  btn_sw1_state                  
200004cd  btn_sw2_state                  
00000f45  copy_in                        
00000efd  exit                           
20000000  g_pfnRAMVectors                
00000000  g_pfnVectors                   
0000026d  main                           
200004c8  main_func_sp                   
00000b15  memcpy                         
00000c33  memset                         
2000046c  ui32ADC0Value                  
2000047c  ui32ADC1Value                  
200004a4  ui32Avg1                       
200004a8  ui32Avg2                       
200004ac  ui32Value1                     
200004b0  ui32Value2                     


GLOBAL SYMBOLS: SORTED BY Symbol Address 

address   name                           
-------   ----                           
00000000  __TI_static_base__             
00000000  g_pfnVectors                   
00000200  __STACK_SIZE                   
0000026d  main                           
000005e1  btn_onButtonDown               
0000062d  btn_onButtonUp                 
0000062f  Timer0IntHandler               
00000713  btn_initialize                 
000007dd  GPIOPadConfigSet               
0000090f  __mpu_init                     
00000911  SysCtlClockGet                 
00000a21  SysCtlClockSet                 
00000b15  __aeabi_memcpy                 
00000b15  __aeabi_memcpy4                
00000b15  __aeabi_memcpy8                
00000b15  memcpy                         
00000bb1  ADCSequenceStepConfigure       
00000c2b  __aeabi_memclr                 
00000c2b  __aeabi_memclr4                
00000c2b  __aeabi_memclr8                
00000c2d  __aeabi_memset                 
00000c2d  __aeabi_memset4                
00000c2d  __aeabi_memset8                
00000c33  memset                         
00000ca5  __TI_auto_init                 
00000d15  IntEnable                      
00000d7d  __TI_decompress_lzss           
00000de5  TimerConfigure                 
00000e45  GPIOIntTypeSet                 
00000e9b  _system_post_cinit             
00000e9d  _c_int00                       
00000ef1  C$$EXIT                        
00000ef5  abort                          
00000efd  exit                           
00000f45  copy_in                        
00000f91  GPIOPinConfigure               
00000fd9  UARTConfigSetExpClk            
00001061  ADCSequenceConfigure           
000010a1  IntRegister                    
000010d5  SysCtlPeripheralEnable         
00001109  ADCIntStatus                   
00001137  GPIODirModeSet                 
00001161  UARTDisable                    
00001181  ADCSequenceDataGet             
0000119f  ADCProcessorTrigger            
000011b7  GPIOIntRegister                
000011cf  GPIOPinTypeGPIOOutput          
000011e9  TimerDisable                   
00001201  _args_main                     
00001219  UARTEnable                     
0000122d  _register_unlock               
00001233  _register_lock                 
0000123b  _nop                           
00001241  GPIOPinTypeGPIOInput           
00001253  GPIOPinTypeUART                
00001265  TimerLoadSet                   
00001277  IntMasterEnable                
00001287  ADCHardwareOversampleConfigure 
00001295  ADCSequenceEnable              
000012a3  GPIOIntDisable                 
000012b1  GPIOIntStatus                  
000012bf  TimerEnable                    
000012cd  __TI_decompress_none           
000012db  CPUcpsie                       
000012e7  GPIOIntEnable                  
000012f3  __TI_zero_init                 
000012ff  ResetISR                       
0000130b  ADCIntClear                    
00001315  UARTCharPut                    
0000131f  TimerIntEnable                 
00001327  GPIOIntClear                   
0000132d  GPIOPinRead                    
00001333  GPIOPinWrite                   
00001339  SysCtlDelay                    
0000133f  TimerIntClear                  
00001343  _system_pre_init               
0000164c  __TI_Handler_Table_Base        
00001658  __TI_Handler_Table_Limit       
00001668  __TI_CINIT_Base                
00001680  __TI_CINIT_Limit               
20000000  g_pfnRAMVectors                
2000026c  __stack                        
2000046c  __STACK_END                    
2000046c  __STACK_TOP                    
2000046c  ui32ADC0Value                  
2000047c  ui32ADC1Value                  
2000048c  XValue                         
20000490  YValue                         
20000494  btn_onSW1ButtonDownHdr         
20000498  btn_onSW1ButtonUpHdr           
2000049c  btn_onSW2ButtonDownHdr         
200004a0  btn_onSW2ButtonUpHdr           
200004a4  ui32Avg1                       
200004a8  ui32Avg2                       
200004ac  ui32Value1                     
200004b0  ui32Value2                     
200004b4  __TI_cleanup_ptr               
200004b8  __TI_dtors_ptr                 
200004bc  __TI_enable_exit_profile_output
200004c0  _lock                          
200004c4  _unlock                        
200004c8  main_func_sp                   
200004cc  btn_sw1_state                  
200004cd  btn_sw2_state                  
ffffffff  __TI_pprof_out_hndl            
ffffffff  __TI_prof_data_size            
ffffffff  __TI_prof_data_start           
ffffffff  __binit__                      
ffffffff  __c_args__                     
ffffffff  binit                          
UNDEFED   SHT$$INIT_ARRAY$$Base          
UNDEFED   SHT$$INIT_ARRAY$$Limit         

[112 symbols]
